Backend API Testing Suite
Base URL: http://localhost:5000

Starting Backend API Tests for Euloge Learning Platform
============================================================
Running Health Check...
PASS Health Check
   Details: Status: healthy

Running Mastery Subjects...
PASS Mastery Subjects
   Details: Found 3 subjects

Running Learning Progress...
PASS Learning Progress
   Details: Progress data retrieved with fields: ['averageStreak', 'currentScore', 'listening', 'nextReview', 'reading', 'sessionsToday', 'speaking', 'streakDays', 'targetScore', 'totalHours', 'totalSessions', 'weeklyProgress', 'writing']

Running Spaced Repetition Schedule...
PASS Spaced Repetition Schedule
   Details: Schedule retrieved successfully

Running Create Card...
PASS Create Card
   Details: Card created successfully

Running Review Card...
PASS Review Card
   Details: Card reviewed successfully

Running User Registration/Login...
PASS User Registration
   Details: User registered with ID: 6

PASS User Login
   Details: User logged in successfully with JWT token

Running Generate Plan...
FAIL Generate Plan
   Details: Status code: 422
   Response: {
  "msg": "Subject must be a string"
}


============================================================
Test Results: 7/8 tests passed
1 tests failed. See details above.
